
 ⛅️ wrangler 4.129.0
────────────────────
Using redirected Wrangler configuration.
 - Configuration being used: "dist\server\wrangler.json"
 - Original user's configuration: "wrangler.jsonc"
 - Deploy configuration file: ".wrangler\deploy\config.json"
Using secrets defined in .dev.vars
Your Worker has access to the following bindings:
Binding                                                   Resource                  Mode
env.SESSION                                               KV Namespace              local
env.ZUP_LIMITS_KV (c1c40306caa24628a4133827b057af05)      KV Namespace              local
env.ASSETS                                                Assets                    local
env.ZUP_TEST_MODE ("(hidden)")                            Environment Variable      local

Attaching additional modules:
┌───────────────────────────────────────────────────────────┬──────┬────────────┐
│ Name                                                      │ Type │ Size       │
├───────────────────────────────────────────────────────────┼──────┼────────────┤
│ chunks/assets_UoJmQWzO.mjs                                │ esm  │ 266.96 KiB │
├───────────────────────────────────────────────────────────┼──────┼────────────┤
│ chunks/entrypoints_D8mv9Erd.mjs                           │ esm  │ 236.98 KiB │
├───────────────────────────────────────────────────────────┼──────┼────────────┤
│ chunks/image-passthrough-endpoint_CvPt7TCK.mjs            │ esm  │ 2.20 KiB   │
├───────────────────────────────────────────────────────────┼──────┼────────────┤
│ chunks/limit_CV9ap2i7.mjs                                 │ esm  │ 2.30 KiB   │
├───────────────────────────────────────────────────────────┼──────┼────────────┤
│ chunks/noop-entrypoint_BYLrzUxc.mjs                       │ esm  │ 0.15 KiB   │
├───────────────────────────────────────────────────────────┼──────┼────────────┤
│ chunks/noop_DIXCHx63.mjs                                  │ esm  │ 0.66 KiB   │
├───────────────────────────────────────────────────────────┼──────┼────────────┤
│ chunks/ocr_B4ZtIaQY.mjs                                   │ esm  │ 6.05 KiB   │
├───────────────────────────────────────────────────────────┼──────┼────────────┤
│ chunks/rolldown-runtime_D7vh-g_o.mjs                      │ esm  │ 0.41 KiB   │
├───────────────────────────────────────────────────────────┼──────┼────────────┤
│ chunks/service_PNKOJlw_.mjs                               │ esm  │ 66.63 KiB  │
├───────────────────────────────────────────────────────────┼──────┼────────────┤
│ chunks/static-image-collection_BsGw1DaB.mjs               │ esm  │ 2.45 KiB   │
├───────────────────────────────────────────────────────────┼──────┼────────────┤
│ chunks/_astro_assets_CpuJF7h5.mjs                         │ esm  │ 22.60 KiB  │
├───────────────────────────────────────────────────────────┼──────┼────────────┤
│ chunks/_virtual_astro_server-island-manifest_q0HM18kM.mjs │ esm  │ 0.27 KiB   │
├───────────────────────────────────────────────────────────┼──────┼────────────┤
│ chunks/_virtual_astro_session-driver_TyipGO2P.mjs         │ esm  │ 2.88 KiB   │
├───────────────────────────────────────────────────────────┼──────┼────────────┤
│ virtual_astro_middleware.mjs                              │ esm  │ 0.15 KiB   │
├───────────────────────────────────────────────────────────┼──────┼────────────┤
│ Total (14 modules)                                        │      │ 610.68 KiB │
└───────────────────────────────────────────────────────────┴──────┴────────────┘
⎔ Starting local server...
[wrangler:info] ✨ Parsed 1 valid header rule.
Wrangler detected this dev session is running in an AI agent.
The Local Explorer API is available at http://127.0.0.1:8787/cdn-cgi/local/explorer/api
Useful routes:
  GET http://127.0.0.1:8787/cdn-cgi/local/explorer/api/local/workers - local Workers and bindings
  GET http://127.0.0.1:8787/cdn-cgi/local/explorer/api/storage/kv/namespaces - KV namespaces
  GET http://127.0.0.1:8787/cdn-cgi/local/explorer/api/d1/database - D1 databases
  GET http://127.0.0.1:8787/cdn-cgi/local/explorer/api/r2/buckets - R2 buckets
  GET http://127.0.0.1:8787/cdn-cgi/local/explorer/api/workers/durable_objects/namespaces - Durable Object namespaces
  GET http://127.0.0.1:8787/cdn-cgi/local/explorer/api/workflows - Workflows
  POST http://127.0.0.1:8787/cdn-cgi/local/explorer/api/local/observability/query - run a read-only SQL query (SELECT/WITH only) over captured request traces and console logs. Tables: spans, logs (read attributes via json(attributes)). Example:
    curl -X POST http://127.0.0.1:8787/cdn-cgi/local/explorer/api/local/observability/query -H 'Content-Type: application/json' -d '{"sql":"SELECT service, name, outcome, duration_ms FROM spans WHERE parent_id IS NULL LIMIT 20"}'
If the routes above don't cover what you need, fetch the full OpenAPI schema (large - use only as a last resort):
  GET http://127.0.0.1:8787/cdn-cgi/local/explorer/api - OpenAPI schema
[wrangler:info] Ready on http://127.0.0.1:8787
[wrangler:info] GET / 200 OK (308ms)
[wrangler:info] GET /_astro/BaseLayout.jzcY3RDP.css 200 OK (44ms)
[wrangler:info] GET /_astro/Converter.astro_astro_type_script_index_0_lang.C3u8DqmD.js 200 OK (48ms)
[wrangler:info] GET /_astro/inter-latin-wght-normal.Dx4kXJAl.woff2 200 OK (40ms)
[wrangler:info] GET /_astro/space-grotesk-latin-wght-normal.BhU9QXUp.woff2 200 OK (62ms)
[wrangler:info] GET /_astro/ibm-plex-mono-latin-500-normal.DSY6xOcd.woff2 200 OK (83ms)
[wrangler:info] GET /_astro/ibm-plex-mono-latin-400-normal.DMJ8VG8y.woff2 200 OK (105ms)
[wrangler:info] GET /api/limit 200 OK (228ms)
[wrangler:info] GET / 200 OK (165ms)
[wrangler:info] GET /_astro/BaseLayout.jzcY3RDP.css 200 OK (18ms)
[wrangler:info] GET /_astro/Converter.astro_astro_type_script_index_0_lang.C3u8DqmD.js 200 OK (27ms)
[wrangler:info] GET /_astro/inter-latin-wght-normal.Dx4kXJAl.woff2 200 OK (40ms)
[wrangler:info] GET /_astro/space-grotesk-latin-wght-normal.BhU9QXUp.woff2 200 OK (38ms)
[wrangler:info] GET /_astro/ibm-plex-mono-latin-500-normal.DSY6xOcd.woff2 200 OK (38ms)
[wrangler:info] GET /_astro/ibm-plex-mono-latin-400-normal.DMJ8VG8y.woff2 200 OK (16ms)
[wrangler:info] GET /api/limit 200 OK (160ms)
[wrangler:info] GET /questions 307 Temporary Redirect (21ms)
[wrangler:info] GET /questions/ 200 OK (371ms)
